#Reduced Groebner basis data
#---
#field characteristic: 0
#variable order:       X, Y, Z, W, u1, u2, u3
#monomial order:       graded reverse lexicographical
#length of basis:      34 elements sorted by increasing leading monomials
#---
[X*W*u2^2+9*X*Y*u1*u3+9*W^2*u1*u3-12*X*W*u1-X*Y*u2-2*W^2*u2+2*Y*W, 
X*W^2*u2+3*X*Y^2*u3+6*Y*W^2*u3-3*X^2*Z-13*X*Y*W, 
2*W^3*u1-Y*W^2*u2-Y^3*u3-3*X*Y*Z-7*Y^2*W-2*Z*W^2, 
3*X*W^2*u1-X*Y*W*u2-W^3*u2+X*Y^2+Y*W^2, 
3*W^2*u1*u2*u3-2*Y*W*u2^2*u3-9*Y^2*u1*u3^2-2*W^2*u2^2-9*X*Z*u1*u3-39*Y*W*u1*u3+4*Y^2*u2*u3-4*W^2*u1+6*X*Z*u2+30*Y*W*u2-12*Y^2+4*Z*W, 
6*X*W*u1*u2*u3-2*X*Y*u2^2*u3-2*W^2*u2^2*u3+6*X*Y*u1*u3-8*X*W*u1+2*X*Y*u2+3*W^2*u2-Y^2*u3-X*Z-3*Y*W, 
3*Y*W^2*u2*u3+9*Y^3*u3^2+6*X^2*Z*u2+18*X*Y*W*u2-13*W^3*u2+27*X*Y*Z*u3+66*Y^2*W*u3+18*Z*W^2*u3+3*X*Z*W+13*Y*W^2, 
27*X*W*u1^2*u3-9*X*Y*u1*u2*u3-6*Y*W*u2^2*u3-27*Y^2*u1*u3^2-3*X*W*u1*u2-5*W^2*u2^2-27*X*Z*u1*u3-117*Y*W*u1*u3+12*Y^2*u2*u3+12*X*Y*u1-12*W^2*u1+18*X*Z*u2+91*Y*W*u2-38*Y^2+12*Z*W, 
3*Y*W^2*u1*u3-Y^2*W*u2*u3+3*X^2*Z*u1+9*X*Y*W*u1-X*Z*W*u2-5*Y*W^2*u2+Y^3*u3+X*Y*Z+5*Y^2*W, 
18*X*Y*W*u1*u3-6*X*Y^2*u2*u3+18*Y^3*u3^2+12*X^2*Z*u2+34*X*Y*W*u2-25*W^3*u2+54*X*Y*Z*u3+129*Y^2*W*u3+36*Z*W^2*u3+8*X*Y^2+3*X*Z*W+25*Y*W^2, 
9*X^2*W*u1*u3-3*X^2*Y*u2*u3+9*X*Y^2*u3^2+18*Y*W^2*u3^2-X^2*W*u2-9*X^2*Z*u3-42*X*Y*W*u3-3*W^3*u3+4*X^2*Y+6*X*W^2, 
W^4*u3+X^3*Z+3*X^2*Y*W-2*X*W^3, 
2*W^2*u2^3+54*W^2*u1^2*u3-39*W^2*u1*u2+2*Y*W*u2^2+9*Y^2*u1*u3+9*X*Z*u1+39*Y*W*u1-4*Y^2*u2, 
W^3*u2^2+3*Y^2*W*u2*u3-18*X^2*Z*u1-54*X*Y*W*u1+3*X*Z*W*u2+16*Y*W^2*u2-3*Y^3*u3-3*X*Y*Z-17*Y^2*W, 
Y*W^2*u2^2+18*Y^2*W*u1*u3-3*Y^3*u2*u3+18*X*Z*W*u1+6*Y*W^2*u1-9*X*Y*Z*u2-17*Y^2*W*u2-6*Z*W^2*u2-8*Y^3, 
W^4*u2+3*Y^2*W^2*u3-6*X^2*Y*Z-18*X*Y^2*W-3*X*Z*W^2-Y*W^3, 
18*X^2*Z*W*u1-6*X^2*Y*Z*u2+Y*W^3*u2+18*X*Y^2*Z*u3+3*Y^3*W*u3+36*Y*Z*W^2*u3-18*X*Y^3-18*X^2*Z^2-75*X*Y*Z*W-Y^2*W^2, 
54*Y^2*W*u1*u3^2-18*Y^3*u2*u3^2-6*X^2*Z*u2^2+162*X*Y^2*u1*u3+54*X*Z*W*u1*u3-54*X*Y*Z*u2*u3-96*Y^2*W*u2*u3-36*Z*W^2*u2*u3+54*X^2*Z*u1-54*X*Y*W*u1-18*X*Y^2*u2+18*X*Z*W*u2+43*Y*W^2*u2-45*Y^3*u3-21*X*Y*Z-43*Y^2*W, 
3*Y^2*W^2*u3^2-X^3*Z*u2-3*X^2*Y*W*u2-6*X^2*Y*Z*u3-24*X*Y^2*W*u3-3*X*Z*W^2*u3-13*Y*W^3*u3+6*X^2*Z*W+26*X*Y*W^2, 
Y^3*W*u3^2-X^3*Z*u1-3*X^2*Y*W*u1+X^2*Z*W*u2-11*X*Y^3*u3+3*X*Y*Z*W*u3-10*Y^2*W^2*u3+2*Z*W^3*u3+2*X^2*Y*Z+20*X*Y^2*W-4*X*Z*W^2, 
4*Y*W*u2^3*u3+108*Y*W*u1^2*u3^2-54*W^2*u1^2*u3-36*Y*W*u1*u2*u3-6*Y^2*u2^2*u3+69*W^2*u1*u2-6*X*Z*u2^2-52*Y*W*u2^2-63*Y^2*u1*u3-63*X*Z*u1-65*Y*W*u1+36*Y^2*u2-12*Z*W*u2+8*Y*Z, 
6*X*Y*u2^3*u3+162*X*Y*u1^2*u3^2-108*X*Y*u1*u2*u3-6*X*Y*u2^2+5*W^2*u2^2+36*Y*W*u1*u3+3*Y^2*u2*u3+96*X*Y*u1+12*W^2*u1-15*X*Z*u2-73*Y*W*u2+20*Y^2-12*Z*W, 
3*X^2*u2^3*u3+81*X^2*u1^2*u3^2-54*X^2*u1*u2*u3-3*X^2*u2^2-18*X*W*u1*u3+6*X*Y*u2*u3-3*W^2*u2*u3+48*X^2*u1+2*X*W*u2+6*Y*W*u3-8*X*Y, 
Y^2*W*u2^2*u3+9*Y^3*u1*u3^2+3*X^2*Z*u1*u2+9*X*Y*W*u1*u2+18*X*Y*Z*u1*u3+93*Y^2*W*u1*u3+9*Z*W^2*u1*u3-12*Y^3*u2*u3+42*X*Z*W*u1+22*Y*W^2*u1-33*X*Y*Z*u2-76*Y^2*W*u2-20*Z*W^2*u2-12*Y^3-2*Y*Z*W, 
6*Y^2*W*u1*u2*u3-2*Y^3*u2^2*u3+18*X^2*Z*u1^2+54*X*Y*W*u1^2+6*X*Z*W*u1*u2-13*Y*W^2*u1*u2-6*X*Y*Z*u2^2-12*Y^2*W*u2^2-4*Z*W^2*u2^2+3*Y^3*u1*u3+3*X*Y*Z*u1+17*Y^2*W*u1-4*Y^3*u2, 
3*X^2*Z*u2^3+81*X^2*Z*u1^2*u3-54*X^2*Z*u1*u2-27*X*Y*W*u1*u2+9*X*Y^2*u2^2-189*Y^2*W*u1*u3+36*Y^3*u2*u3-108*X*Y^2*u1-207*X*Z*W*u1-75*Y*W^2*u1+114*X*Y*Z*u2+208*Y^2*W*u2+69*Z*W^2*u2+92*Y^3+6*Y*Z*W, 
9*Y^4*u3^3+X^3*Z*u2^2-27*X^2*Y^2*u1*u3+12*X^2*Y*Z*u2*u3+33*X*Y^2*W*u2*u3+18*X*Y^2*Z*u3^2+93*X^3*Z*u1+315*X^2*Y*W*u1+3*X^2*Y^2*u2-81*X^2*Z*W*u2+930*X*Y^3*u3+9*X^2*Z^2*u3-156*X*Y*Z*W*u3+1063*Y^2*W^2*u3-132*Z*W^3*u3-318*X^2*Y*Z-2126*X*Y^2*W+264*X*Z*W^2, 
9*Y^4*u2*u3^2-27*X^3*Z*u1^2-81*X^2*Y*W*u1^2+12*X^2*Y*Z*u2^2-378*X*Y^3*u1*u3+18*X*Y^2*Z*u2*u3-42*Y^3*W*u2*u3+270*X^2*Y*Z*u1+1296*X*Y^2*W*u1+36*X*Y^3*u2+9*X^2*Z^2*u2-66*X*Y*Z*W*u2-446*Y^2*W^2*u2+108*Y^4*u3+108*X*Y^2*Z+446*Y^3*W, 
162*W^2*u1^3*u3^2-108*Y*W*u1^2*u2*u3^2+18*Y^2*u1*u2^2*u3^2+18*X*Z*u1*u2^2*u3+6*Y*W*u1*u2^2*u3-2*Y^2*u2^3*u3-486*Y^2*u1^2*u3^2-97*W^2*u1*u2^2-6*X*Z*u2^3-12*Y*W*u2^3-486*X*Z*u1^2*u3-2106*Y*W*u1^2*u3+261*Y^2*u1*u2*u3-228*W^2*u1^2+387*X*Z*u1*u2+1697*Y*W*u1*u2-4*Y^2*u2^2+4*Z*W*u2^2-684*Y^2*u1+228*Z*W*u1-8*Y*Z*u2, 
Y^3*u2^3*u3+27*Y^3*u1^2*u3^2+3*X*Y*Z*u2^3+6*Y^2*W*u2^3+81*X*Y*Z*u1^2*u3+162*Y^2*W*u1^2*u3-18*Y^3*u1*u2*u3-27*X*Z*W*u1^2+27*Y*W^2*u1^2-45*X*Y*Z*u1*u2-126*Y^2*W*u1*u2+12*Z*W^2*u1*u2+2*Y^3*u2^2-2*Y*Z*W*u2^2-9*Y^2*Z*u1*u3+16*Y^3*u1-9*X*Z^2*u1-39*Y*Z*W*u1+4*Y^2*Z*u2, 
27*X*u1*u2^4*u3^2+729*X*u1^3*u2*u3^3-12*X*u2^5*u3-810*X*u1^2*u2^2*u3^2-18*W*u1*u2^3*u3^2-486*W*u1^3*u3^3+243*X*u1*u2^3*u3+11*W*u2^4*u3+1458*X*u1^3*u3^2+378*W*u1^2*u2*u3^2+81*Y*u1*u2^2*u3^2+12*X*u2^4-540*X*u1^2*u2*u3-72*W*u1*u2^2*u3-27*Y*u2^3*u3-246*X*u1*u2^2-14*W*u2^3-612*W*u1^2*u3+54*Y*u1*u2*u3+864*X*u1^2+140*W*u1*u2+30*Y*u2^2-36*Z*u1*u3-144*Y*u1+4*Z*u2, 
36*Y^2*u2^4*u3^2+972*Y^2*u1^2*u2*u3^3+12*X*Z*u2^4*u3+324*X*Z*u1^2*u2*u3^2-648*Y^2*u1*u2^2*u3^2-216*X*Z*u1*u2^2*u3+354*Y^2*u2^3*u3+16*Z*W*u2^3*u3+10530*Y^2*u1^2*u3^2+432*Z*W*u1^2*u3^2-1125*W^2*u1*u2^2+294*X*Z*u2^3+2556*Y*W*u2^3+9234*X*Z*u1^2*u3+43902*Y*W*u1^2*u3-477*Y^2*u1*u2*u3-720*Z*W*u1*u2*u3-72*Y*Z*u2^2*u3+4104*W^2*u1^2-3777*X*Z*u1*u2-30231*Y*W*u1*u2-2028*Y^2*u2^2+620*Z*W*u2^2+14808*Y^2*u1-4136*Z*W*u1-360*Y*Z*u2+32*Z^2, 
18*Y^2*u1*u2^3*u3^2+486*Y^2*u1^3*u3^3+18*X*Z*u1*u2^3*u3-2*Y^2*u2^4*u3+486*X*Z*u1^3*u3^2-378*Y^2*u1^2*u2*u3^2-6*X*Z*u2^4-12*Y*W*u2^4+1944*W^2*u1^3*u3-486*X*Z*u1^2*u2*u3-1620*Y*W*u1^2*u2*u3+234*Y^2*u1*u2^2*u3-1917*W^2*u1^2*u2+288*X*Z*u1*u2^2+1656*Y*W*u1*u2^2-4*Y^2*u2^3+4*Z*W*u2^3+1989*Y^2*u1^2*u3-216*Z*W*u1^2*u3+1341*X*Z*u1^2+1755*Y*W*u1^2-1004*Y^2*u1*u2+318*Z*W*u1*u2-8*Y*Z*u2^2-156*Y*Z*u1, 
24*X*Z*u1*u2^4*u3-4*Y^2*u2^5*u3+648*X*Z*u1^3*u2*u3^2-108*Y^2*u1^2*u2^2*u3^2-12*X*Z*u2^5-24*Y*W*u2^5-756*X*Z*u1^2*u2^2*u3-648*Y*W*u1^2*u2^2*u3+114*Y^2*u1*u2^3*u3-16*Z*W*u1*u2^3*u3+1134*Y^2*u1^3*u3^2-432*Z*W*u1^3*u3^2-117*W^2*u1^2*u2^2+282*X*Z*u1*u2^3+756*Y*W*u1*u2^3-8*Y^2*u2^4+8*Z*W*u2^4+2430*X*Z*u1^3*u3+6642*Y*W*u1^3*u3-729*Y^2*u1^2*u2*u3+288*Z*W*u1^2*u2*u3+72*Y*Z*u1*u2^2*u3+1080*W^2*u1^3-1317*X*Z*u1^2*u2-5139*Y*W*u1^2*u2+20*Y^2*u1*u2^2+16*Z*W*u1*u2^2-16*Y*Z*u2^3+744*Y^2*u1^2-1048*Z*W*u1^2+48*Y*Z*u1*u2-32*Z^2*u1]:
